// Vitest Snapshot v1, https://vitest.dev/guide/snapshot.html

exports[`it returns unique domain certificate entries on good response 1`] = `
[
  {
    "author": {
      "id": null,
      "image_url": null,
      "name": null,
    },
    "content": null,
    "created_at": null,
    "id": "muse.mu",
    "image_url": null,
    "parent_id": null,
    "parent_title": null,
    "title": null,
    "type": "DOMAIN_CERTIFICATE",
    "uniqueId": "muse.mu",
    "url": null,
  },
  {
    "author": {
      "id": null,
      "image_url": null,
      "name": null,
    },
    "content": null,
    "created_at": null,
    "id": "forum.muse.mu",
    "image_url": null,
    "parent_id": null,
    "parent_title": null,
    "title": null,
    "type": "DOMAIN_CERTIFICATE",
    "uniqueId": "forum.muse.mu",
    "url": null,
  },
  {
    "author": {
      "id": null,
      "image_url": null,
      "name": null,
    },
    "content": null,
    "created_at": null,
    "id": "www.muse.mu",
    "image_url": null,
    "parent_id": null,
    "parent_title": null,
    "title": null,
    "type": "DOMAIN_CERTIFICATE",
    "uniqueId": "www.muse.mu",
    "url": null,
  },
  {
    "author": {
      "id": null,
      "image_url": null,
      "name": null,
    },
    "content": null,
    "created_at": null,
    "id": "ot-willofthepeople.muse.mu",
    "image_url": null,
    "parent_id": null,
    "parent_title": null,
    "title": null,
    "type": "DOMAIN_CERTIFICATE",
    "uniqueId": "ot-willofthepeople.muse.mu",
    "url": null,
  },
  {
    "author": {
      "id": null,
      "image_url": null,
      "name": null,
    },
    "content": null,
    "created_at": null,
    "id": "willofthepeople.muse.mu",
    "image_url": null,
    "parent_id": null,
    "parent_title": null,
    "title": null,
    "type": "DOMAIN_CERTIFICATE",
    "uniqueId": "willofthepeople.muse.mu",
    "url": null,
  },
  {
    "author": {
      "id": null,
      "image_url": null,
      "name": null,
    },
    "content": null,
    "created_at": null,
    "id": "usstore.muse.mu",
    "image_url": null,
    "parent_id": null,
    "parent_title": null,
    "title": null,
    "type": "DOMAIN_CERTIFICATE",
    "uniqueId": "usstore.muse.mu",
    "url": null,
  },
  {
    "author": {
      "id": null,
      "image_url": null,
      "name": null,
    },
    "content": null,
    "created_at": null,
    "id": "store.muse.mu",
    "image_url": null,
    "parent_id": null,
    "parent_title": null,
    "title": null,
    "type": "DOMAIN_CERTIFICATE",
    "uniqueId": "store.muse.mu",
    "url": null,
  },
  {
    "author": {
      "id": null,
      "image_url": null,
      "name": null,
    },
    "content": null,
    "created_at": null,
    "id": "tumblr.muse.mu",
    "image_url": null,
    "parent_id": null,
    "parent_title": null,
    "title": null,
    "type": "DOMAIN_CERTIFICATE",
    "uniqueId": "tumblr.muse.mu",
    "url": null,
  },
  {
    "author": {
      "id": null,
      "image_url": null,
      "name": null,
    },
    "content": null,
    "created_at": null,
    "id": "simulationtheory.muse.mu",
    "image_url": null,
    "parent_id": null,
    "parent_title": null,
    "title": null,
    "type": "DOMAIN_CERTIFICATE",
    "uniqueId": "simulationtheory.muse.mu",
    "url": null,
  },
  {
    "author": {
      "id": null,
      "image_url": null,
      "name": null,
    },
    "content": null,
    "created_at": null,
    "id": "pressure.muse.mu",
    "image_url": null,
    "parent_id": null,
    "parent_title": null,
    "title": null,
    "type": "DOMAIN_CERTIFICATE",
    "uniqueId": "pressure.muse.mu",
    "url": null,
  },
  {
    "author": {
      "id": null,
      "image_url": null,
      "name": null,
    },
    "content": null,
    "created_at": null,
    "id": "playlists.muse.mu",
    "image_url": null,
    "parent_id": null,
    "parent_title": null,
    "title": null,
    "type": "DOMAIN_CERTIFICATE",
    "uniqueId": "playlists.muse.mu",
    "url": null,
  },
  {
    "author": {
      "id": null,
      "image_url": null,
      "name": null,
    },
    "content": null,
    "created_at": null,
    "id": "colouringbook.muse.mu",
    "image_url": null,
    "parent_id": null,
    "parent_title": null,
    "title": null,
    "type": "DOMAIN_CERTIFICATE",
    "uniqueId": "colouringbook.muse.mu",
    "url": null,
  },
  {
    "author": {
      "id": null,
      "image_url": null,
      "name": null,
    },
    "content": null,
    "created_at": null,
    "id": "stageverse.muse.mu",
    "image_url": null,
    "parent_id": null,
    "parent_title": null,
    "title": null,
    "type": "DOMAIN_CERTIFICATE",
    "uniqueId": "stageverse.muse.mu",
    "url": null,
  },
  {
    "author": {
      "id": null,
      "image_url": null,
      "name": null,
    },
    "content": null,
    "created_at": null,
    "id": "somethinghuman.muse.mu",
    "image_url": null,
    "parent_id": null,
    "parent_title": null,
    "title": null,
    "type": "DOMAIN_CERTIFICATE",
    "uniqueId": "somethinghuman.muse.mu",
    "url": null,
  },
  {
    "author": {
      "id": null,
      "image_url": null,
      "name": null,
    },
    "content": null,
    "created_at": null,
    "id": "wontstanddown.muse.mu",
    "image_url": null,
    "parent_id": null,
    "parent_title": null,
    "title": null,
    "type": "DOMAIN_CERTIFICATE",
    "uniqueId": "wontstanddown.muse.mu",
    "url": null,
  },
  {
    "author": {
      "id": null,
      "image_url": null,
      "name": null,
    },
    "content": null,
    "created_at": null,
    "id": "*.muse.mu",
    "image_url": null,
    "parent_id": null,
    "parent_title": null,
    "title": null,
    "type": "DOMAIN_CERTIFICATE",
    "uniqueId": "*.muse.mu",
    "url": null,
  },
  {
    "author": {
      "id": null,
      "image_url": null,
      "name": null,
    },
    "content": null,
    "created_at": null,
    "id": "www.store.muse.mu",
    "image_url": null,
    "parent_id": null,
    "parent_title": null,
    "title": null,
    "type": "DOMAIN_CERTIFICATE",
    "uniqueId": "www.store.muse.mu",
    "url": null,
  },
  {
    "author": {
      "id": null,
      "image_url": null,
      "name": null,
    },
    "content": null,
    "created_at": null,
    "id": "origin.muse.mu",
    "image_url": null,
    "parent_id": null,
    "parent_title": null,
    "title": null,
    "type": "DOMAIN_CERTIFICATE",
    "uniqueId": "origin.muse.mu",
    "url": null,
  },
  {
    "author": {
      "id": null,
      "image_url": null,
      "name": null,
    },
    "content": null,
    "created_at": null,
    "id": "ai.muse.mu",
    "image_url": null,
    "parent_id": null,
    "parent_title": null,
    "title": null,
    "type": "DOMAIN_CERTIFICATE",
    "uniqueId": "ai.muse.mu",
    "url": null,
  },
  {
    "author": {
      "id": null,
      "image_url": null,
      "name": null,
    },
    "content": null,
    "created_at": null,
    "id": "film.muse.mu",
    "image_url": null,
    "parent_id": null,
    "parent_title": null,
    "title": null,
    "type": "DOMAIN_CERTIFICATE",
    "uniqueId": "film.muse.mu",
    "url": null,
  },
  {
    "author": {
      "id": null,
      "image_url": null,
      "name": null,
    },
    "content": null,
    "created_at": null,
    "id": "earlyaccess.muse.mu",
    "image_url": null,
    "parent_id": null,
    "parent_title": null,
    "title": null,
    "type": "DOMAIN_CERTIFICATE",
    "uniqueId": "earlyaccess.muse.mu",
    "url": null,
  },
  {
    "author": {
      "id": null,
      "image_url": null,
      "name": null,
    },
    "content": null,
    "created_at": null,
    "id": "board.muse.mu",
    "image_url": null,
    "parent_id": null,
    "parent_title": null,
    "title": null,
    "type": "DOMAIN_CERTIFICATE",
    "uniqueId": "board.muse.mu",
    "url": null,
  },
  {
    "author": {
      "id": null,
      "image_url": null,
      "name": null,
    },
    "content": null,
    "created_at": null,
    "id": "videoquiz.muse.mu",
    "image_url": null,
    "parent_id": null,
    "parent_title": null,
    "title": null,
    "type": "DOMAIN_CERTIFICATE",
    "uniqueId": "videoquiz.muse.mu",
    "url": null,
  },
  {
    "author": {
      "id": null,
      "image_url": null,
      "name": null,
    },
    "content": null,
    "created_at": null,
    "id": "www.usstore.muse.mu",
    "image_url": null,
    "parent_id": null,
    "parent_title": null,
    "title": null,
    "type": "DOMAIN_CERTIFICATE",
    "uniqueId": "www.usstore.muse.mu",
    "url": null,
  },
]
`;
